2026-05-02 16:02:07,274 - pyswarms.single.global_best - INFO - Optimize for 200 iters with {'c1': 0.5, 'c2': 0.3, 'w': 0.9}
2026-05-02 16:02:07,329 - pyswarms.single.global_best - INFO - Optimization finished | best cost: 1.7303116881901068e-12, best pos: [-1.18700682e-06 -5.66856683e-07]
2026-05-02 16:04:02,861 - pyswarms.single.global_best - INFO - Optimize for 50 iters with {'c1': 0.5, 'c2': 0.3, 'w': 0.5}
2026-05-02 16:04:02,877 - pyswarms.single.global_best - INFO - Optimization finished | best cost: 2.157992020141514e-15, best pos: [9.49229980e-09 4.54740395e-08]
2026-05-02 16:04:04,819 - matplotlib.animation - WARNING - MovieWriter imagemagick unavailable; using Pillow instead.
2026-05-02 16:04:04,819 - matplotlib.animation - INFO - Animation.save using <class 'matplotlib.animation.PillowWriter'>
2026-05-02 16:12:59,937 - pyswarms.single.global_best - INFO - Optimize for 1000 iters with {'c1': 0.5, 'c2': 0.3, 'w': 0.9}
2026-05-02 16:13:00,237 - pyswarms.single.global_best - INFO - Optimization finished | best cost: 1.5895691412637725e-43, best pos: [-3.21514699e-23 -3.97395517e-22]
2026-05-02 16:13:32,733 - pyswarms.single.global_best - INFO - Optimize for 1000 iters with {'c1': 0.5, 'c2': 0.3, 'w': 0.9}
2026-05-02 16:13:32,986 - pyswarms.single.global_best - INFO - Optimization finished | best cost: 3.025700825388077e-42, best pos: [-1.45660947e-21  9.50783712e-22]
2026-05-02 16:13:42,995 - pyswarms.single.global_best - INFO - Optimize for 1000 iters with {'c1': 0.5, 'c2': 0.3, 'w': 0.9}
2026-05-02 16:13:43,234 - pyswarms.single.global_best - INFO - Optimization finished | best cost: 1.3694455184783695e-45, best pos: [-3.68511397e-23  3.38216259e-24]
2026-05-02 16:13:46,401 - pyswarms.single.global_best - INFO - Optimize for 1000 iters with {'c1': 0.5, 'c2': 0.3, 'w': 0.9}
2026-05-02 16:13:46,687 - pyswarms.single.global_best - INFO - Optimization finished | best cost: 3.580576793343149e-46, best pos: [-1.01007868e-23  1.60009933e-23]
2026-05-02 16:19:25,732 - pyswarms.single.global_best - INFO - Optimize for 1000 iters with {'c1': 0.5, 'c2': 0.3, 'w': 0.9}
2026-05-02 16:19:26,018 - pyswarms.single.global_best - INFO - Optimization finished | best cost: 8.880357090362281e-40, best pos: [-1.25218448e-20  5.86681736e-21  1.11645548e-20  8.81237318e-21
  8.79644409e-21 -2.04239304e-20]
2026-05-02 16:19:53,059 - pyswarms.single.global_best - INFO - Optimize for 1000 iters with {'c1': 0.5, 'c2': 0.3, 'w': 0.9}
2026-05-02 16:20:22,862 - pyswarms.single.global_best - INFO - Optimize for 1000 iters with {'c1': 0.5, 'c2': 0.3, 'w': 0.9}
2026-05-02 16:20:23,623 - pyswarms.single.global_best - INFO - Optimization finished | best cost: -3.0, best pos: [ 8.54072159e-01  7.53961715e-01  1.26626894e+00  1.24049186e+00
  1.82447902e+00 -3.63983433e-09]
2026-05-02 16:21:13,071 - pyswarms.single.global_best - INFO - Optimize for 1000 iters with {'c1': 0.5, 'c2': 0.3, 'w': 0.9}
2026-05-02 16:21:58,364 - pyswarms.single.global_best - INFO - Optimize for 1000 iters with {'c1': 0.5, 'c2': 0.3, 'w': 0.9}
2026-05-02 16:22:06,947 - pyswarms.single.global_best - INFO - Optimize for 1000 iters with {'c1': 0.5, 'c2': 0.3, 'w': 0.9}
2026-05-02 16:22:25,753 - pyswarms.single.global_best - INFO - Optimize for 1000 iters with {'c1': 0.5, 'c2': 0.3, 'w': 0.9}
2026-05-02 16:23:22,960 - pyswarms.single.global_best - INFO - Optimize for 1000 iters with {'c1': 0.5, 'c2': 0.3, 'w': 0.9}
2026-05-02 16:23:23,694 - pyswarms.single.global_best - INFO - Optimization finished | best cost: -2.8153855695148504, best pos: [0.39174104 0.38959786 0.98389819 0.99989602 0.45456971 0.40739417]
2026-05-02 16:26:42,359 - pyswarms.single.global_best - INFO - Optimize for 1000 iters with {'c1': 0.5, 'c2': 0.3, 'w': 0.9}
2026-05-02 16:26:42,630 - pyswarms.single.global_best - INFO - Optimization finished | best cost: -2.8109863208036483, best pos: [0.47982593 0.44628197 0.96580395 0.99218298 0.42388148 0.27389811]
2026-05-02 16:27:30,863 - pyswarms.single.global_best - INFO - Optimize for 1000 iters with {'c1': 0.5, 'c2': 0.3, 'w': 0.9}
2026-05-02 16:27:31,570 - pyswarms.single.global_best - INFO - Optimization finished | best cost: -2.7942855608520243, best pos: [0.36416966 0.36602083 0.96108573 0.99083987 0.47610673 0.42352669]
2026-05-02 16:27:31,570 - pyswarms.single.global_best - INFO - Optimize for 200 iters with {'c1': 0.5, 'c2': 0.3, 'w': 0.9}
2026-05-02 16:27:31,620 - pyswarms.single.global_best - INFO - Optimization finished | best cost: -2.7942855608520243, best pos: [0.33242038 0.1107316  0.11040659 0.29046912 0.19164658 0.43869714]
2026-05-02 16:27:38,087 - pyswarms.single.global_best - INFO - Optimize for 1000 iters with {'c1': 0.5, 'c2': 0.3, 'w': 0.9}
2026-05-02 16:27:38,795 - pyswarms.single.global_best - INFO - Optimization finished | best cost: -2.8186256493153365, best pos: [0.61501756 0.58163709 0.96381833 0.99632046 0.09621344 0.38284723]
2026-05-02 16:27:38,795 - pyswarms.single.global_best - INFO - Optimize for 200 iters with {'c1': 0.5, 'c2': 0.3, 'w': 0.9}
2026-05-02 16:27:38,847 - pyswarms.single.global_best - INFO - Optimization finished | best cost: -2.8186256493153365, best pos: [0.61840811 0.57962677 0.08929025 0.02519803 0.31708611 0.13237997]
2026-05-02 16:29:18,203 - pyswarms.single.global_best - INFO - Optimize for 1000 iters with {'c1': 0.5, 'c2': 0.3, 'w': 0.9}
2026-05-02 16:29:18,896 - pyswarms.single.global_best - INFO - Optimization finished | best cost: -2.7992350343808976, best pos: [0.35092394 0.26229478 0.99417154 0.95434951 0.15772418 0.15193022]
2026-05-02 16:29:18,897 - pyswarms.single.global_best - INFO - Optimize for 200 iters with {'c1': 0.5, 'c2': 0.3, 'w': 0.9}
2026-05-02 16:29:18,948 - pyswarms.single.global_best - INFO - Optimization finished | best cost: -2.7992350343808976, best pos: [0.08161886 0.26216727 0.00740645 0.06750574 0.01839089 0.15193305]
2026-05-18 13:56:13,496 - pyswarms.single.global_best - INFO - Optimize for 1000 iters with {'c1': 0.5, 'c2': 0.3, 'w': 0.9}
2026-05-18 13:56:16,116 - pyswarms.single.global_best - INFO - Optimization finished | best cost: -2.8273388514974775, best pos: [0.58169313 0.55399759 0.98986586 0.98759096 0.33389852 0.17811601]
2026-05-18 13:56:16,116 - pyswarms.single.global_best - INFO - Optimize for 200 iters with {'c1': 0.5, 'c2': 0.3, 'w': 0.9}
2026-05-18 13:56:16,268 - pyswarms.single.global_best - INFO - Optimization finished | best cost: -2.8273388514974775, best pos: [0.22243512 0.33315736 0.17003376 0.25325051 0.12772446 0.17070833]
2026-05-18 14:05:31,157 - pyswarms.single.global_best - INFO - Optimize for 1000 iters with {'c1': 0.5, 'c2': 0.3, 'w': 0.9}
2026-05-18 14:05:33,149 - pyswarms.single.global_best - INFO - Optimization finished | best cost: -2.818861556491218, best pos: [0.4465611  0.51072113 0.99847006 0.98560618 0.44385087 0.12556109]
2026-05-18 14:05:33,149 - pyswarms.single.global_best - INFO - Optimize for 200 iters with {'c1': 0.5, 'c2': 0.3, 'w': 0.9}
2026-05-18 14:05:33,270 - pyswarms.single.global_best - INFO - Optimization finished | best cost: -2.818861556491218, best pos: [0.03486694 0.27659449 0.4961472  0.37049268 0.23204467 0.23338318]
